2026-01-02 09:19:58,148 - INFO - System will Start after  0 sec
2026-01-02 09:20:45,409 - INFO - System will Start after  0 sec
2026-01-02 09:20:47,993 - INFO - https://lapi.kotaksecurities.com/wso2-scripmaster/v1/prod/2026-01-02/transformed-v1/nse_cm-v1.csv
 https://lapi.kotaksecurities.com/wso2-scripmaster/v1/prod/2026-01-02/transformed/nse_fo.csv
2026-01-02 09:20:56,524 - INFO - TOKEN MAP        pSymbol pGroup pExchSeg pInstType pSymbolName         pTrdSymbol  ... dPriceDen dWarningQty  dIssueCapital  dExposureMargin  dMinRedemptionQty  lFreezeQty
93       40668     XX   nse_fo    OPTIDX       NIFTY  NIFTY2610629150CE  ...         1           0   1.000000e+12                1                  0        1801
326      40500     XX   nse_fo    OPTIDX       NIFTY  NIFTY2610626600PE  ...         1           0   1.000000e+12                1                  0        1801
369      40352     XX   nse_fo    OPTIDX       NIFTY  NIFTY2610624250PE  ...         1           0   1.000000e+12                1                  0        1801
448      40790     XX   nse_fo    OPTIDX       NIFTY  NIFTY2610630700PE  ...         1           0   1.000000e+12                1                  0        1801
700      40619     XX   nse_fo    OPTIDX       NIFTY  NIFTY2610628200CE  ...         1           0   1.000000e+12                1                  0        1801
...        ...    ...      ...       ...         ...                ...  ...       ...         ...            ...              ...                ...         ...
91492    40520     XX   nse_fo    OPTIDX       NIFTY  NIFTY2610626800PE  ...         1           0   1.000000e+12                1                  0        1801
91830    40588     XX   nse_fo    OPTIDX       NIFTY  NIFTY2610627650PE  ...         1           0   1.000000e+12                1                  0        1801
91843    40687     XX   nse_fo    OPTIDX       NIFTY  NIFTY2610629400PE  ...         1           0   1.000000e+12                1                  0        1801
92211    40142     XX   nse_fo    OPTIDX       NIFTY  NIFTY2610621300CE  ...         1           0   1.000000e+12                1                  0        1801
92241    40472     XX   nse_fo    OPTIDX       NIFTY  NIFTY2610626100PE  ...         1           0   1.000000e+12                1                  0        1801

[440 rows x 78 columns]
2026-01-02 09:20:56,538 - INFO - Order will Place  after  543.461748 sec
2026-01-02 09:22:35,716 - INFO - System will Start after  0 sec
2026-01-02 09:22:37,979 - INFO - https://lapi.kotaksecurities.com/wso2-scripmaster/v1/prod/2026-01-02/transformed-v1/nse_cm-v1.csv
 https://lapi.kotaksecurities.com/wso2-scripmaster/v1/prod/2026-01-02/transformed/nse_fo.csv
2026-01-02 09:22:46,651 - INFO - TOKEN MAP        pSymbol pGroup pExchSeg pInstType pSymbolName         pTrdSymbol  ... dPriceDen dWarningQty  dIssueCapital  dExposureMargin  dMinRedemptionQty  lFreezeQty
93       40668     XX   nse_fo    OPTIDX       NIFTY  NIFTY2610629150CE  ...         1           0   1.000000e+12                1                  0        1801
326      40500     XX   nse_fo    OPTIDX       NIFTY  NIFTY2610626600PE  ...         1           0   1.000000e+12                1                  0        1801
369      40352     XX   nse_fo    OPTIDX       NIFTY  NIFTY2610624250PE  ...         1           0   1.000000e+12                1                  0        1801
448      40790     XX   nse_fo    OPTIDX       NIFTY  NIFTY2610630700PE  ...         1           0   1.000000e+12                1                  0        1801
700      40619     XX   nse_fo    OPTIDX       NIFTY  NIFTY2610628200CE  ...         1           0   1.000000e+12                1                  0        1801
...        ...    ...      ...       ...         ...                ...  ...       ...         ...            ...              ...                ...         ...
91492    40520     XX   nse_fo    OPTIDX       NIFTY  NIFTY2610626800PE  ...         1           0   1.000000e+12                1                  0        1801
91830    40588     XX   nse_fo    OPTIDX       NIFTY  NIFTY2610627650PE  ...         1           0   1.000000e+12                1                  0        1801
91843    40687     XX   nse_fo    OPTIDX       NIFTY  NIFTY2610629400PE  ...         1           0   1.000000e+12                1                  0        1801
92211    40142     XX   nse_fo    OPTIDX       NIFTY  NIFTY2610621300CE  ...         1           0   1.000000e+12                1                  0        1801
92241    40472     XX   nse_fo    OPTIDX       NIFTY  NIFTY2610626100PE  ...         1           0   1.000000e+12                1                  0        1801

[440 rows x 78 columns]
2026-01-02 09:22:46,662 - INFO - Order will Place  after  133.337725 sec
2026-01-02 09:35:21,763 - INFO - System will Start after  0 sec
2026-01-02 09:35:24,214 - INFO - https://lapi.kotaksecurities.com/wso2-scripmaster/v1/prod/2026-01-02/transformed-v1/nse_cm-v1.csv
 https://lapi.kotaksecurities.com/wso2-scripmaster/v1/prod/2026-01-02/transformed/nse_fo.csv
2026-01-02 09:35:33,044 - INFO - TOKEN MAP        pSymbol pGroup pExchSeg pInstType pSymbolName         pTrdSymbol  ... dPriceDen dWarningQty  dIssueCapital  dExposureMargin  dMinRedemptionQty  lFreezeQty
93       40668     XX   nse_fo    OPTIDX       NIFTY  NIFTY2610629150CE  ...         1           0   1.000000e+12                1                  0        1801
326      40500     XX   nse_fo    OPTIDX       NIFTY  NIFTY2610626600PE  ...         1           0   1.000000e+12                1                  0        1801
369      40352     XX   nse_fo    OPTIDX       NIFTY  NIFTY2610624250PE  ...         1           0   1.000000e+12                1                  0        1801
448      40790     XX   nse_fo    OPTIDX       NIFTY  NIFTY2610630700PE  ...         1           0   1.000000e+12                1                  0        1801
700      40619     XX   nse_fo    OPTIDX       NIFTY  NIFTY2610628200CE  ...         1           0   1.000000e+12                1                  0        1801
...        ...    ...      ...       ...         ...                ...  ...       ...         ...            ...              ...                ...         ...
91492    40520     XX   nse_fo    OPTIDX       NIFTY  NIFTY2610626800PE  ...         1           0   1.000000e+12                1                  0        1801
91830    40588     XX   nse_fo    OPTIDX       NIFTY  NIFTY2610627650PE  ...         1           0   1.000000e+12                1                  0        1801
91843    40687     XX   nse_fo    OPTIDX       NIFTY  NIFTY2610629400PE  ...         1           0   1.000000e+12                1                  0        1801
92211    40142     XX   nse_fo    OPTIDX       NIFTY  NIFTY2610621300CE  ...         1           0   1.000000e+12                1                  0        1801
92241    40472     XX   nse_fo    OPTIDX       NIFTY  NIFTY2610626100PE  ...         1           0   1.000000e+12                1                  0        1801

[440 rows x 78 columns]
2026-01-02 09:35:33,056 - INFO - Order will Place  after  0 sec
2026-01-02 09:35:33,415 - INFO - Selected Strike CE {'exchange_token': '40479', 'display_symbol': 'NIFTY2610626250CE', 'exchange': 'nse_fo', 'lstup_time': '1767326732', 'ltp': 64.4, 'last_traded_quantity': '130', 'total_buy': '3888950', 'total_sell': '763945', 'last_volume': '36910705', 'avg_cost': '56.6300', 'open_int': '7904130', 'change': '21.4500', 'per_change': '49.9400', 'low_price_range': '0.0500', 'high_price_range': '285.6500', 'year_high': '0', 'year_low': '0', 'ohlc': {'open': '41.2500', 'high': '70.6000', 'low': '41.2000', 'close': '42.9500'}, 'depth': {'buy': [{'price': '64.2500', 'quantity': '65', 'orders': '1'}, {'price': '64.2000', 'quantity': '1820', 'orders': '10'}, {'price': '64.1500', 'quantity': '1820', 'orders': '10'}, {'price': '64.1000', 'quantity': '3510', 'orders': '14'}, {'price': '64.0500', 'quantity': '9100', 'orders': '20'}], 'sell': [{'price': '64.3500', 'quantity': '2730', 'orders': '11'}, {'price': '64.4000', 'quantity': '6045', 'orders': '29'}, {'price': '64.4500', 'quantity': '5980', 'orders': '19'}, {'price': '64.5000', 'quantity': '3250', 'orders': '17'}, {'price': '64.5500', 'quantity': '1690', 'orders': '8'}]}, 'diff': 10.599999999999994}
2026-01-02 09:35:33,767 - INFO - Selected Strike PE {'exchange_token': '40480', 'display_symbol': 'NIFTY2610626250PE', 'exchange': 'nse_fo', 'lstup_time': '1767326732', 'ltp': 81.7, 'last_traded_quantity': '65', 'total_buy': '1588015', 'total_sell': '636805', 'last_volume': '13863330', 'avg_cost': '88.3500', 'open_int': '4620655', 'change': '-41.4000', 'per_change': '-33.6300', 'low_price_range': '0.0500', 'high_price_range': '449.4500', 'year_high': '0', 'year_low': '0', 'ohlc': {'open': '124.0000', 'high': '124.0000', 'low': '76.5000', 'close': '123.1000'}, 'depth': {'buy': [{'price': '81.7000', 'quantity': '1300', 'orders': '9'}, {'price': '81.6500', 'quantity': '2340', 'orders': '13'}, {'price': '81.6000', 'quantity': '3900', 'orders': '21'}, {'price': '81.5500', 'quantity': '2275', 'orders': '10'}, {'price': '81.5000', 'quantity': '1885', 'orders': '13'}], 'sell': [{'price': '81.9000', 'quantity': '1170', 'orders': '10'}, {'price': '81.9500', 'quantity': '2210', 'orders': '12'}, {'price': '82.0000', 'quantity': '6110', 'orders': '18'}, {'price': '82.0500', 'quantity': '910', 'orders': '7'}, {'price': '82.1000', 'quantity': '1560', 'orders': '7'}]}, 'diff': 6.700000000000003}
2026-01-02 09:38:12,752 - INFO - System will Start after  0 sec
2026-01-02 09:38:15,006 - INFO - https://lapi.kotaksecurities.com/wso2-scripmaster/v1/prod/2026-01-02/transformed-v1/nse_cm-v1.csv
 https://lapi.kotaksecurities.com/wso2-scripmaster/v1/prod/2026-01-02/transformed/nse_fo.csv
2026-01-02 09:38:24,873 - INFO - TOKEN MAP        pSymbol pGroup pExchSeg pInstType pSymbolName         pTrdSymbol  ... dPriceDen dWarningQty  dIssueCapital  dExposureMargin  dMinRedemptionQty  lFreezeQty
93       40668     XX   nse_fo    OPTIDX       NIFTY  NIFTY2610629150CE  ...         1           0   1.000000e+12                1                  0        1801
326      40500     XX   nse_fo    OPTIDX       NIFTY  NIFTY2610626600PE  ...         1           0   1.000000e+12                1                  0        1801
369      40352     XX   nse_fo    OPTIDX       NIFTY  NIFTY2610624250PE  ...         1           0   1.000000e+12                1                  0        1801
448      40790     XX   nse_fo    OPTIDX       NIFTY  NIFTY2610630700PE  ...         1           0   1.000000e+12                1                  0        1801
700      40619     XX   nse_fo    OPTIDX       NIFTY  NIFTY2610628200CE  ...         1           0   1.000000e+12                1                  0        1801
...        ...    ...      ...       ...         ...                ...  ...       ...         ...            ...              ...                ...         ...
91492    40520     XX   nse_fo    OPTIDX       NIFTY  NIFTY2610626800PE  ...         1           0   1.000000e+12                1                  0        1801
91830    40588     XX   nse_fo    OPTIDX       NIFTY  NIFTY2610627650PE  ...         1           0   1.000000e+12                1                  0        1801
91843    40687     XX   nse_fo    OPTIDX       NIFTY  NIFTY2610629400PE  ...         1           0   1.000000e+12                1                  0        1801
92211    40142     XX   nse_fo    OPTIDX       NIFTY  NIFTY2610621300CE  ...         1           0   1.000000e+12                1                  0        1801
92241    40472     XX   nse_fo    OPTIDX       NIFTY  NIFTY2610626100PE  ...         1           0   1.000000e+12                1                  0        1801

[440 rows x 78 columns]
2026-01-02 09:38:24,883 - INFO - Order will Place  after  0 sec
2026-01-02 09:38:25,222 - INFO - Selected Strike CE {'exchange_token': '40477', 'display_symbol': 'NIFTY2610626200CE', 'exchange': 'nse_fo', 'lstup_time': '1767326904', 'ltp': 90.5, 'last_traded_quantity': '65', 'total_buy': '4852250', 'total_sell': '2055690', 'last_volume': '79160640', 'avg_cost': '82.4800', 'open_int': '16490435', 'change': '26.4000', 'per_change': '41.1900', 'low_price_range': '0.0500', 'high_price_range': '333.3000', 'year_high': '0', 'year_low': '0', 'ohlc': {'open': '61.5000', 'high': '99.0000', 'low': '61.5000', 'close': '64.1000'}, 'depth': {'buy': [{'price': '90.5000', 'quantity': '1625', 'orders': '9'}, {'price': '90.4500', 'quantity': '1235', 'orders': '8'}, {'price': '90.4000', 'quantity': '3835', 'orders': '13'}, {'price': '90.3500', 'quantity': '2080', 'orders': '10'}, {'price': '90.3000', 'quantity': '3380', 'orders': '17'}], 'sell': [{'price': '90.7000', 'quantity': '1430', 'orders': '5'}, {'price': '90.7500', 'quantity': '2275', 'orders': '11'}, {'price': '90.8000', 'quantity': '1885', 'orders': '7'}, {'price': '90.8500', 'quantity': '1495', 'orders': '8'}, {'price': '90.9000', 'quantity': '1365', 'orders': '7'}]}, 'diff': 9.5}
2026-01-02 09:38:25,584 - INFO - Selected Strike PE {'exchange_token': '40488', 'display_symbol': 'NIFTY2610626300PE', 'exchange': 'nse_fo', 'lstup_time': '1767326905', 'ltp': 110.7, 'last_traded_quantity': '65', 'total_buy': '685945', 'total_sell': '633165', 'last_volume': '11660350', 'avg_cost': '117.8200', 'open_int': '4836650', 'change': '-46.7000', 'per_change': '-29.6700', 'low_price_range': '0.0500', 'high_price_range': '509.6000', 'year_high': '0', 'year_low': '0', 'ohlc': {'open': '147.8000', 'high': '147.8000', 'low': '103.7000', 'close': '157.4000'}, 'depth': {'buy': [{'price': '110.4500', 'quantity': '845', 'orders': '5'}, {'price': '110.4000', 'quantity': '2015', 'orders': '12'}, {'price': '110.3500', 'quantity': '1625', 'orders': '11'}, {'price': '110.3000', 'quantity': '1625', 'orders': '10'}, {'price': '110.2500', 'quantity': '1040', 'orders': '6'}], 'sell': [{'price': '110.5500', 'quantity': '65', 'orders': '1'}, {'price': '110.7000', 'quantity': '585', 'orders': '6'}, {'price': '110.7500', 'quantity': '1170', 'orders': '9'}, {'price': '110.8000', 'quantity': '2080', 'orders': '13'}, {'price': '110.8500', 'quantity': '1365', 'orders': '9'}]}, 'diff': 10.700000000000003}
2026-01-02 09:50:07,146 - INFO - System will Start after  0 sec
2026-01-02 09:50:09,465 - INFO - https://lapi.kotaksecurities.com/wso2-scripmaster/v1/prod/2026-01-02/transformed-v1/nse_cm-v1.csv
 https://lapi.kotaksecurities.com/wso2-scripmaster/v1/prod/2026-01-02/transformed/nse_fo.csv
2026-01-02 09:50:19,030 - INFO - TOKEN MAP        pSymbol pGroup pExchSeg pInstType pSymbolName         pTrdSymbol  ... dPriceDen dWarningQty  dIssueCapital  dExposureMargin  dMinRedemptionQty  lFreezeQty
93       40668     XX   nse_fo    OPTIDX       NIFTY  NIFTY2610629150CE  ...         1           0   1.000000e+12                1                  0        1801
326      40500     XX   nse_fo    OPTIDX       NIFTY  NIFTY2610626600PE  ...         1           0   1.000000e+12                1                  0        1801
369      40352     XX   nse_fo    OPTIDX       NIFTY  NIFTY2610624250PE  ...         1           0   1.000000e+12                1                  0        1801
448      40790     XX   nse_fo    OPTIDX       NIFTY  NIFTY2610630700PE  ...         1           0   1.000000e+12                1                  0        1801
700      40619     XX   nse_fo    OPTIDX       NIFTY  NIFTY2610628200CE  ...         1           0   1.000000e+12                1                  0        1801
...        ...    ...      ...       ...         ...                ...  ...       ...         ...            ...              ...                ...         ...
91492    40520     XX   nse_fo    OPTIDX       NIFTY  NIFTY2610626800PE  ...         1           0   1.000000e+12                1                  0        1801
91830    40588     XX   nse_fo    OPTIDX       NIFTY  NIFTY2610627650PE  ...         1           0   1.000000e+12                1                  0        1801
91843    40687     XX   nse_fo    OPTIDX       NIFTY  NIFTY2610629400PE  ...         1           0   1.000000e+12                1                  0        1801
92211    40142     XX   nse_fo    OPTIDX       NIFTY  NIFTY2610621300CE  ...         1           0   1.000000e+12                1                  0        1801
92241    40472     XX   nse_fo    OPTIDX       NIFTY  NIFTY2610626100PE  ...         1           0   1.000000e+12                1                  0        1801

[440 rows x 78 columns]
2026-01-02 09:50:19,040 - INFO - Order will Place  after  0 sec
2026-01-02 09:50:19,402 - INFO - Selected Strike CE {'exchange_token': '40479', 'display_symbol': 'NIFTY2610626250CE', 'exchange': 'nse_fo', 'lstup_time': '1767327618', 'ltp': 86.55, 'last_traded_quantity': '65', 'total_buy': '4310020', 'total_sell': '941655', 'last_volume': '71755840', 'avg_cost': '66.2600', 'open_int': '8221850', 'change': '43.6000', 'per_change': '101.5100', 'low_price_range': '0.0500', 'high_price_range': '486.7500', 'year_high': '0', 'year_low': '0', 'ohlc': {'open': '41.2500', 'high': '88.0000', 'low': '41.2000', 'close': '42.9500'}, 'depth': {'buy': [{'price': '86.4500', 'quantity': '780', 'orders': '4'}, {'price': '86.4000', 'quantity': '2470', 'orders': '15'}, {'price': '86.3500', 'quantity': '1885', 'orders': '12'}, {'price': '86.3000', 'quantity': '2015', 'orders': '11'}, {'price': '86.2500', 'quantity': '2080', 'orders': '9'}], 'sell': [{'price': '86.6500', 'quantity': '3185', 'orders': '10'}, {'price': '86.7000', 'quantity': '4030', 'orders': '25'}, {'price': '86.7500', 'quantity': '5785', 'orders': '17'}, {'price': '86.8000', 'quantity': '2015', 'orders': '14'}, {'price': '86.8500', 'quantity': '4160', 'orders': '14'}]}, 'pSymbol': None, 'pTrdSymbol': None, 'diff': 13.450000000000003}
2026-01-02 09:50:19,773 - INFO - Selected Strike PE {'exchange_token': '40488', 'display_symbol': 'NIFTY2610626300PE', 'exchange': 'nse_fo', 'lstup_time': '1767327618', 'ltp': 89.6, 'last_traded_quantity': '65', 'total_buy': '1683630', 'total_sell': '1102335', 'last_volume': '21460465', 'avg_cost': '107.6200', 'open_int': '6975085', 'change': '-67.8000', 'per_change': '-43.0700', 'low_price_range': '0.0500', 'high_price_range': '509.6000', 'year_high': '0', 'year_low': '0', 'ohlc': {'open': '147.8000', 'high': '147.8000', 'low': '89.2500', 'close': '157.4000'}, 'depth': {'buy': [{'price': '89.6000', 'quantity': '585', 'orders': '4'}, {'price': '89.5500', 'quantity': '2080', 'orders': '12'}, {'price': '89.5000', 'quantity': '1820', 'orders': '11'}, {'price': '89.4500', 'quantity': '2340', 'orders': '9'}, {'price': '89.4000', 'quantity': '2535', 'orders': '12'}], 'sell': [{'price': '89.8000', 'quantity': '2470', 'orders': '14'}, {'price': '89.8500', 'quantity': '3055', 'orders': '20'}, {'price': '89.9000', 'quantity': '4095', 'orders': '16'}, {'price': '89.9500', 'quantity': '1625', 'orders': '8'}, {'price': '90.0000', 'quantity': '53625', 'orders': '43'}]}, 'pSymbol': None, 'pTrdSymbol': None, 'diff': 10.400000000000006}
2026-01-02 09:53:06,745 - INFO - System will Start after  0 sec
2026-01-02 09:53:09,094 - INFO - https://lapi.kotaksecurities.com/wso2-scripmaster/v1/prod/2026-01-02/transformed-v1/nse_cm-v1.csv
 https://lapi.kotaksecurities.com/wso2-scripmaster/v1/prod/2026-01-02/transformed/nse_fo.csv
2026-01-02 09:53:18,670 - INFO - TOKEN MAP        pSymbol pGroup pExchSeg pInstType pSymbolName         pTrdSymbol  ... dPriceDen dWarningQty  dIssueCapital  dExposureMargin  dMinRedemptionQty  lFreezeQty
93       40668     XX   nse_fo    OPTIDX       NIFTY  NIFTY2610629150CE  ...         1           0   1.000000e+12                1                  0        1801
326      40500     XX   nse_fo    OPTIDX       NIFTY  NIFTY2610626600PE  ...         1           0   1.000000e+12                1                  0        1801
369      40352     XX   nse_fo    OPTIDX       NIFTY  NIFTY2610624250PE  ...         1           0   1.000000e+12                1                  0        1801
448      40790     XX   nse_fo    OPTIDX       NIFTY  NIFTY2610630700PE  ...         1           0   1.000000e+12                1                  0        1801
700      40619     XX   nse_fo    OPTIDX       NIFTY  NIFTY2610628200CE  ...         1           0   1.000000e+12                1                  0        1801
...        ...    ...      ...       ...         ...                ...  ...       ...         ...            ...              ...                ...         ...
91492    40520     XX   nse_fo    OPTIDX       NIFTY  NIFTY2610626800PE  ...         1           0   1.000000e+12                1                  0        1801
91830    40588     XX   nse_fo    OPTIDX       NIFTY  NIFTY2610627650PE  ...         1           0   1.000000e+12                1                  0        1801
91843    40687     XX   nse_fo    OPTIDX       NIFTY  NIFTY2610629400PE  ...         1           0   1.000000e+12                1                  0        1801
92211    40142     XX   nse_fo    OPTIDX       NIFTY  NIFTY2610621300CE  ...         1           0   1.000000e+12                1                  0        1801
92241    40472     XX   nse_fo    OPTIDX       NIFTY  NIFTY2610626100PE  ...         1           0   1.000000e+12                1                  0        1801

[440 rows x 78 columns]
2026-01-02 09:53:18,680 - INFO - Order will Place  after  0 sec
2026-01-02 09:53:18,997 - INFO - Selected Strike CE {'exchange_token': '40479', 'pTrdSymbol': 'NIFTY2610626250CE', 'exchange': 'nse_fo', 'lstup_time': '1767327798', 'ltp': 89.6, 'last_traded_quantity': '65', 'total_buy': '4244760', 'total_sell': '785330', 'last_volume': '78163865', 'avg_cost': '68.0800', 'open_int': '8305635', 'change': '46.6500', 'per_change': '108.6100', 'low_price_range': '0.0500', 'high_price_range': '486.7500', 'year_high': '0', 'year_low': '0', 'ohlc': {'open': '41.2500', 'high': '92.6000', 'low': '41.2000', 'close': '42.9500'}, 'depth': {'buy': [{'price': '89.6000', 'quantity': '1430', 'orders': '9'}, {'price': '89.5500', 'quantity': '1495', 'orders': '10'}, {'price': '89.5000', 'quantity': '4160', 'orders': '18'}, {'price': '89.4500', 'quantity': '1950', 'orders': '9'}, {'price': '89.4000', 'quantity': '1235', 'orders': '8'}], 'sell': [{'price': '89.8000', 'quantity': '845', 'orders': '8'}, {'price': '89.8500', 'quantity': '3055', 'orders': '25'}, {'price': '89.9000', 'quantity': '3250', 'orders': '19'}, {'price': '89.9500', 'quantity': '1235', 'orders': '6'}, {'price': '90.0000', 'quantity': '3185', 'orders': '13'}]}, 'pSymbol': None, 'diff': 10.400000000000006}
2026-01-02 09:53:19,348 - INFO - Selected Strike PE {'exchange_token': '40488', 'pTrdSymbol': 'NIFTY2610626300PE', 'exchange': 'nse_fo', 'lstup_time': '1767327798', 'ltp': 86.4, 'last_traded_quantity': '780', 'total_buy': '1684150', 'total_sell': '1165905', 'last_volume': '24562005', 'avg_cost': '105.0700', 'open_int': '7527780', 'change': '-71.0000', 'per_change': '-45.1100', 'low_price_range': '0.0500', 'high_price_range': '509.6000', 'year_high': '0', 'year_low': '0', 'ohlc': {'open': '147.8000', 'high': '147.8000', 'low': '83.7500', 'close': '157.4000'}, 'depth': {'buy': [{'price': '86.2500', 'quantity': '1235', 'orders': '5'}, {'price': '86.2000', 'quantity': '2080', 'orders': '13'}, {'price': '86.1500', 'quantity': '6305', 'orders': '15'}, {'price': '86.1000', 'quantity': '2015', 'orders': '11'}, {'price': '86.0500', 'quantity': '975', 'orders': '8'}], 'sell': [{'price': '86.4000', 'quantity': '780', 'orders': '2'}, {'price': '86.4500', 'quantity': '1105', 'orders': '7'}, {'price': '86.5000', 'quantity': '2405', 'orders': '16'}, {'price': '86.5500', 'quantity': '1560', 'orders': '14'}, {'price': '86.6000', 'quantity': '2340', 'orders': '13'}]}, 'pSymbol': None, 'diff': 13.599999999999994}
2026-01-02 09:53:19,477 - INFO - Order submitted for NIFTY2610626250CE S 65 MKT 0 0 MIS Response: {'nOrdNo': '260102000091880', 'stat': 'Ok', 'stCode': 200}
2026-01-02 09:53:19,602 - INFO - Order submitted for NIFTY2610626300PE S 65 MKT 0 0 MIS Response: {'nOrdNo': '260102000091890', 'stat': 'Ok', 'stCode': 200}
2026-01-02 09:54:06,148 - INFO - Order not executed Completly. Cancel Open Order.
2026-01-02 09:54:06,290 - INFO - Cancel All order  {'stat': 'Ok', 'data': [{'actId': 'ZD52T', 'algId': 'NA', 'algCat': 'NA', 'algSeqNo': 'NA', 'avgPrc': '0.00', 'brdLtQty': '65', 'brkClnt': '--', 'cnlQty': 0, 'coPct': 0, 'defMktProV': '0', 'dscQtyPct': '0', 'dscQty': 0, 'exUsrInfo': 'NA', 'exCfmTm': 'NA', 'exOrdId': '', 'expDt': '06 Jan, 2026', 'expDtSsb': '1767657600', 'exSeg': 'nse_fo', 'fldQty': 0, 'boeSec': 1767327799, 'mktProPct': '--', 'mktPro': '0', 'mfdBy': 'NA', 'minQty': 0, 'mktProFlg': '0', 'noMktProFlg': '0', 'nOrdNo': '260102000091880', 'optTp': 'CE', 'ordAutSt': 'NA', 'odCrt': 'NA', 'ordDtTm': '02-Jan-2026 09:53:19', 'ordEntTm': '02-Jan-2026 09:53:19', 'ordGenTp': 'NA', 'ordSrc': 'ADMINCPPAPI_NEOTRADEAPI', 'ordValDt': 'NA', 'prod': 'MIS', 'prc': '0.00', 'prcTp': 'MKT', 'qty': 65, 'refLmtPrc': 0, 'rejRsn': 'RMS:Margin Exceeds,Cash Available:0.00,Additional margin required:180518.33 for entity account-ZD52T across exchange across segment across product ', 'rmk': '--', 'rptTp': 'NA', 'reqId': '1', 'series': 'XX', 'sipInd': 'NA', 'stat': 'rejected', 'ordSt': 'rejected', 'stkPrc': '26250.00', 'sym': 'NIFTY', 'symOrdId': 'NA', 'tckSz': '0.05', 'tok': '40479', 'trnsTp': 'S', 'trgPrc': '0.00', 'trdSym': 'NIFTY2610626250CE', 'unFldSz': 0, 'usrId': 'AEQPJ8126C', 'uSec': '1767327799', 'vldt': 'DAY', 'classification': '0', 'vendorCode': '', 'genDen': '1', 'genNum': '1', 'prcNum': '1', 'prcDen': '1', 'lotSz': '65', 'multiplier': '1', 'precision': '2', 'hsUpTm': '2026/01/02 09:53:19', 'GuiOrdId': 'DFT_KOTAK_ENT503e6bb9-32b8-44b5-93f0-ef9e564eeab5', 'locId': '111111111111100', 'appInstlId': 'NA', 'ordModNo': 'DFT_KOTAK_ENT503e6bb9-32b8-44b5-93f0-ef9e564eeab5', 'strategyCode': 'NA', 'updRecvTm': 1767327799279209107, 'it': 'OPTIDX'}, {'actId': 'ZD52T', 'algId': 'NA', 'algCat': 'NA', 'algSeqNo': 'NA', 'avgPrc': '0.00', 'brdLtQty': '65', 'brkClnt': '--', 'cnlQty': 0, 'coPct': 0, 'defMktProV': '0', 'dscQtyPct': '0', 'dscQty': 0, 'exUsrInfo': 'NA', 'exCfmTm': 'NA', 'exOrdId': '', 'expDt': '06 Jan, 2026', 'expDtSsb': '1767657600', 'exSeg': 'nse_fo', 'fldQty': 0, 'boeSec': 1767327799, 'mktProPct': '--', 'mktPro': '0', 'mfdBy': 'NA', 'minQty': 0, 'mktProFlg': '0', 'noMktProFlg': '0', 'nOrdNo': '260102000091890', 'optTp': 'PE', 'ordAutSt': 'NA', 'odCrt': 'NA', 'ordDtTm': '02-Jan-2026 09:53:19', 'ordEntTm': '02-Jan-2026 09:53:19', 'ordGenTp': 'NA', 'ordSrc': 'ADMINCPPAPI_NEOTRADEAPI', 'ordValDt': 'NA', 'prod': 'MIS', 'prc': '0.00', 'prcTp': 'MKT', 'qty': 65, 'refLmtPrc': 0, 'rejRsn': 'RMS:Margin Exceeds,Cash Available:0.00,Additional margin required:195692.61 for entity account-ZD52T across exchange across segment across product ', 'rmk': '--', 'rptTp': 'NA', 'reqId': '1', 'series': 'XX', 'sipInd': 'NA', 'stat': 'rejected', 'ordSt': 'rejected', 'stkPrc': '26300.00', 'sym': 'NIFTY', 'symOrdId': 'NA', 'tckSz': '0.05', 'tok': '40488', 'trnsTp': 'S', 'trgPrc': '0.00', 'trdSym': 'NIFTY2610626300PE', 'unFldSz': 0, 'usrId': 'AEQPJ8126C', 'uSec': '1767327799', 'vldt': 'DAY', 'classification': '0', 'vendorCode': '', 'genDen': '1', 'genNum': '1', 'prcNum': '1', 'prcDen': '1', 'lotSz': '65', 'multiplier': '1', 'precision': '2', 'hsUpTm': '2026/01/02 09:53:19', 'GuiOrdId': 'DFT_KOTAK_ENTdab21534-3bdc-4a0b-a7aa-e3cd83758496', 'locId': '111111111111100', 'appInstlId': 'NA', 'ordModNo': 'DFT_KOTAK_ENTdab21534-3bdc-4a0b-a7aa-e3cd83758496', 'strategyCode': 'NA', 'updRecvTm': 1767327799406882588, 'it': 'OPTIDX'}], 'stCode': 200}
2026-01-02 09:54:06,292 - INFO - 260102000091880 not open for cancel
2026-01-02 09:54:06,292 - INFO - 260102000091890 not open for cancel
2026-01-02 09:54:06,408 - INFO - Close Position {'stCode': 5203, 'errMsg': 'No Data', 'desc': 'data not found', 'stat': 'Not_Ok'}
2026-01-02 10:02:11,463 - INFO - System will Start after  0 sec
2026-01-02 10:02:13,969 - INFO - https://lapi.kotaksecurities.com/wso2-scripmaster/v1/prod/2026-01-02/transformed-v1/nse_cm-v1.csv
 https://lapi.kotaksecurities.com/wso2-scripmaster/v1/prod/2026-01-02/transformed/nse_fo.csv
2026-01-02 10:02:20,726 - INFO - TOKEN MAP        pSymbol pGroup pExchSeg pInstType pSymbolName         pTrdSymbol  ... dPriceDen dWarningQty  dIssueCapital  dExposureMargin  dMinRedemptionQty  lFreezeQty
93       40668     XX   nse_fo    OPTIDX       NIFTY  NIFTY2610629150CE  ...         1           0   1.000000e+12                1                  0        1801
326      40500     XX   nse_fo    OPTIDX       NIFTY  NIFTY2610626600PE  ...         1           0   1.000000e+12                1                  0        1801
369      40352     XX   nse_fo    OPTIDX       NIFTY  NIFTY2610624250PE  ...         1           0   1.000000e+12                1                  0        1801
448      40790     XX   nse_fo    OPTIDX       NIFTY  NIFTY2610630700PE  ...         1           0   1.000000e+12                1                  0        1801
700      40619     XX   nse_fo    OPTIDX       NIFTY  NIFTY2610628200CE  ...         1           0   1.000000e+12                1                  0        1801
...        ...    ...      ...       ...         ...                ...  ...       ...         ...            ...              ...                ...         ...
91492    40520     XX   nse_fo    OPTIDX       NIFTY  NIFTY2610626800PE  ...         1           0   1.000000e+12                1                  0        1801
91830    40588     XX   nse_fo    OPTIDX       NIFTY  NIFTY2610627650PE  ...         1           0   1.000000e+12                1                  0        1801
91843    40687     XX   nse_fo    OPTIDX       NIFTY  NIFTY2610629400PE  ...         1           0   1.000000e+12                1                  0        1801
92211    40142     XX   nse_fo    OPTIDX       NIFTY  NIFTY2610621300CE  ...         1           0   1.000000e+12                1                  0        1801
92241    40472     XX   nse_fo    OPTIDX       NIFTY  NIFTY2610626100PE  ...         1           0   1.000000e+12                1                  0        1801

[440 rows x 78 columns]
2026-01-02 10:02:20,743 - INFO - Order will Place  after  0 sec
2026-01-02 10:02:21,031 - INFO - Selected Strike CE {'exchange_token': '40479', 'pTrdSymbol': 'NIFTY2610626250CE', 'exchange': 'nse_fo', 'lstup_time': '1767328340', 'ltp': 92.5, 'last_traded_quantity': '65', 'total_buy': '4121000', 'total_sell': '955630', 'last_volume': '90999220', 'avg_cost': '71.5600', 'open_int': '7941765', 'change': '49.5500', 'per_change': '115.3700', 'low_price_range': '0.0500', 'high_price_range': '486.7500', 'year_high': '0', 'year_low': '0', 'ohlc': {'open': '41.2500', 'high': '97.3000', 'low': '41.2000', 'close': '42.9500'}, 'depth': {'buy': [{'price': '92.3000', 'quantity': '3640', 'orders': '22'}, {'price': '92.2500', 'quantity': '2145', 'orders': '11'}, {'price': '92.2000', 'quantity': '2080', 'orders': '12'}, {'price': '92.1500', 'quantity': '1625', 'orders': '6'}, {'price': '92.1000', 'quantity': '1560', 'orders': '7'}], 'sell': [{'price': '92.5000', 'quantity': '260', 'orders': '4'}, {'price': '92.5500', 'quantity': '1690', 'orders': '12'}, {'price': '92.6000', 'quantity': '2145', 'orders': '13'}, {'price': '92.6500', 'quantity': '2535', 'orders': '14'}, {'price': '92.7000', 'quantity': '2210', 'orders': '14'}]}, 'pSymbol': None, 'diff': 7.5}
2026-01-02 10:02:21,304 - INFO - Selected Strike PE {'exchange_token': '40490', 'pTrdSymbol': 'NIFTY2610626350PE', 'exchange': 'nse_fo', 'lstup_time': '1767328340', 'ltp': 113.65, 'last_traded_quantity': '65', 'total_buy': '315965', 'total_sell': '333385', 'last_volume': '8031725', 'avg_cost': '132.2800', 'open_int': '2235285', 'change': '-82.8000', 'per_change': '-42.1500', 'low_price_range': '0.0500', 'high_price_range': '573.5000', 'year_high': '0', 'year_low': '0', 'ohlc': {'open': '196.4500', 'high': '196.4500', 'low': '111.0000', 'close': '196.4500'}, 'depth': {'buy': [{'price': '113.7000', 'quantity': '585', 'orders': '3'}, {'price': '113.6500', 'quantity': '1885', 'orders': '13'}, {'price': '113.6000', 'quantity': '1300', 'orders': '10'}, {'price': '113.5500', 'quantity': '1040', 'orders': '6'}, {'price': '113.5000', 'quantity': '1170', 'orders': '8'}], 'sell': [{'price': '113.8000', 'quantity': '195', 'orders': '1'}, {'price': '113.9000', 'quantity': '195', 'orders': '2'}, {'price': '113.9500', 'quantity': '455', 'orders': '4'}, {'price': '114.0000', 'quantity': '975', 'orders': '8'}, {'price': '114.0500', 'quantity': '1495', 'orders': '7'}]}, 'pSymbol': None, 'diff': 13.650000000000006}
2026-01-02 10:02:21,454 - INFO - Order submitted for NIFTY2610626250CE S 65 MKT 0 0 MIS Response: {'nOrdNo': '260102000105582', 'stat': 'Ok', 'stCode': 200}
2026-01-02 10:02:21,595 - INFO - Order submitted for NIFTY2610626350PE S 65 MKT 0 0 MIS Response: {'nOrdNo': '260102000105588', 'stat': 'Ok', 'stCode': 200}
2026-01-02 10:03:08,020 - INFO - Order not executed Completly. Cancel Open Order.
2026-01-02 10:03:08,181 - INFO - Cancel All order  {'stat': 'Ok', 'data': [{'actId': 'ZD52T', 'algId': 'NA', 'algCat': 'NA', 'algSeqNo': 'NA', 'avgPrc': '0.00', 'brdLtQty': '65', 'brkClnt': '--', 'cnlQty': 0, 'coPct': 0, 'defMktProV': '0', 'dscQtyPct': '0', 'dscQty': 0, 'exUsrInfo': 'NA', 'exCfmTm': 'NA', 'exOrdId': '', 'expDt': '06 Jan, 2026', 'expDtSsb': '1767657600', 'exSeg': 'nse_fo', 'fldQty': 0, 'boeSec': 1767327799, 'mktProPct': '--', 'mktPro': '0', 'mfdBy': 'NA', 'minQty': 0, 'mktProFlg': '0', 'noMktProFlg': '0', 'nOrdNo': '260102000091880', 'optTp': 'CE', 'ordAutSt': 'NA', 'odCrt': 'NA', 'ordDtTm': '02-Jan-2026 09:53:19', 'ordEntTm': '02-Jan-2026 09:53:19', 'ordGenTp': 'NA', 'ordSrc': 'ADMINCPPAPI_NEOTRADEAPI', 'ordValDt': 'NA', 'prod': 'MIS', 'prc': '0.00', 'prcTp': 'MKT', 'qty': 65, 'refLmtPrc': 0, 'rejRsn': 'RMS:Margin Exceeds,Cash Available:0.00,Additional margin required:180518.33 for entity account-ZD52T across exchange across segment across product ', 'rmk': '--', 'rptTp': 'NA', 'reqId': '1', 'series': 'XX', 'sipInd': 'NA', 'stat': 'rejected', 'ordSt': 'rejected', 'stkPrc': '26250.00', 'sym': 'NIFTY', 'symOrdId': 'NA', 'tckSz': '0.05', 'tok': '40479', 'trnsTp': 'S', 'trgPrc': '0.00', 'trdSym': 'NIFTY2610626250CE', 'unFldSz': 0, 'usrId': 'AEQPJ8126C', 'uSec': '1767327799', 'vldt': 'DAY', 'classification': '0', 'vendorCode': '', 'genDen': '1', 'genNum': '1', 'prcNum': '1', 'prcDen': '1', 'lotSz': '65', 'multiplier': '1', 'precision': '2', 'hsUpTm': '2026/01/02 09:53:19', 'GuiOrdId': 'DFT_KOTAK_ENT503e6bb9-32b8-44b5-93f0-ef9e564eeab5', 'locId': '111111111111100', 'appInstlId': 'NA', 'ordModNo': 'DFT_KOTAK_ENT503e6bb9-32b8-44b5-93f0-ef9e564eeab5', 'strategyCode': 'NA', 'updRecvTm': 1767327799279209107, 'it': 'OPTIDX'}, {'actId': 'ZD52T', 'algId': 'NA', 'algCat': 'NA', 'algSeqNo': 'NA', 'avgPrc': '0.00', 'brdLtQty': '65', 'brkClnt': '--', 'cnlQty': 0, 'coPct': 0, 'defMktProV': '0', 'dscQtyPct': '0', 'dscQty': 0, 'exUsrInfo': 'NA', 'exCfmTm': 'NA', 'exOrdId': '', 'expDt': '06 Jan, 2026', 'expDtSsb': '1767657600', 'exSeg': 'nse_fo', 'fldQty': 0, 'boeSec': 1767327799, 'mktProPct': '--', 'mktPro': '0', 'mfdBy': 'NA', 'minQty': 0, 'mktProFlg': '0', 'noMktProFlg': '0', 'nOrdNo': '260102000091890', 'optTp': 'PE', 'ordAutSt': 'NA', 'odCrt': 'NA', 'ordDtTm': '02-Jan-2026 09:53:19', 'ordEntTm': '02-Jan-2026 09:53:19', 'ordGenTp': 'NA', 'ordSrc': 'ADMINCPPAPI_NEOTRADEAPI', 'ordValDt': 'NA', 'prod': 'MIS', 'prc': '0.00', 'prcTp': 'MKT', 'qty': 65, 'refLmtPrc': 0, 'rejRsn': 'RMS:Margin Exceeds,Cash Available:0.00,Additional margin required:195692.61 for entity account-ZD52T across exchange across segment across product ', 'rmk': '--', 'rptTp': 'NA', 'reqId': '1', 'series': 'XX', 'sipInd': 'NA', 'stat': 'rejected', 'ordSt': 'rejected', 'stkPrc': '26300.00', 'sym': 'NIFTY', 'symOrdId': 'NA', 'tckSz': '0.05', 'tok': '40488', 'trnsTp': 'S', 'trgPrc': '0.00', 'trdSym': 'NIFTY2610626300PE', 'unFldSz': 0, 'usrId': 'AEQPJ8126C', 'uSec': '1767327799', 'vldt': 'DAY', 'classification': '0', 'vendorCode': '', 'genDen': '1', 'genNum': '1', 'prcNum': '1', 'prcDen': '1', 'lotSz': '65', 'multiplier': '1', 'precision': '2', 'hsUpTm': '2026/01/02 09:53:19', 'GuiOrdId': 'DFT_KOTAK_ENTdab21534-3bdc-4a0b-a7aa-e3cd83758496', 'locId': '111111111111100', 'appInstlId': 'NA', 'ordModNo': 'DFT_KOTAK_ENTdab21534-3bdc-4a0b-a7aa-e3cd83758496', 'strategyCode': 'NA', 'updRecvTm': 1767327799406882588, 'it': 'OPTIDX'}, {'actId': 'ZD52T', 'algId': 'NA', 'algCat': 'NA', 'algSeqNo': 'NA', 'avgPrc': '0.00', 'brdLtQty': '65', 'brkClnt': '--', 'cnlQty': 0, 'coPct': 0, 'defMktProV': '0', 'dscQtyPct': '0', 'dscQty': 0, 'exUsrInfo': 'NA', 'exCfmTm': 'NA', 'exOrdId': '', 'expDt': '06 Jan, 2026', 'expDtSsb': '1767657600', 'exSeg': 'nse_fo', 'fldQty': 0, 'boeSec': 1767328341, 'mktProPct': '--', 'mktPro': '0', 'mfdBy': 'NA', 'minQty': 0, 'mktProFlg': '0', 'noMktProFlg': '0', 'nOrdNo': '260102000105582', 'optTp': 'CE', 'ordAutSt': 'NA', 'odCrt': 'NA', 'ordDtTm': '02-Jan-2026 10:02:21', 'ordEntTm': '02-Jan-2026 10:02:21', 'ordGenTp': 'NA', 'ordSrc': 'ADMINCPPAPI_NEOTRADEAPI', 'ordValDt': 'NA', 'prod': 'MIS', 'prc': '0.00', 'prcTp': 'MKT', 'qty': 65, 'refLmtPrc': 0, 'rejRsn': 'RMS:Margin Exceeds,Cash Available:0.00,Additional margin required:180507.99 for entity account-ZD52T across exchange across segment across product ', 'rmk': '--', 'rptTp': 'NA', 'reqId': '1', 'series': 'XX', 'sipInd': 'NA', 'stat': 'rejected', 'ordSt': 'rejected', 'stkPrc': '26250.00', 'sym': 'NIFTY', 'symOrdId': 'NA', 'tckSz': '0.05', 'tok': '40479', 'trnsTp': 'S', 'trgPrc': '0.00', 'trdSym': 'NIFTY2610626250CE', 'unFldSz': 0, 'usrId': 'AEQPJ8126C', 'uSec': '1767328341', 'vldt': 'DAY', 'classification': '0', 'vendorCode': '', 'genDen': '1', 'genNum': '1', 'prcNum': '1', 'prcDen': '1', 'lotSz': '65', 'multiplier': '1', 'precision': '2', 'hsUpTm': '2026/01/02 10:02:21', 'GuiOrdId': 'SAN_ALGO21a6735d-ff0e-4e7f-82d8-3e4cec3c4711', 'locId': '111111111111100', 'appInstlId': 'NA', 'ordModNo': 'SAN_ALGO21a6735d-ff0e-4e7f-82d8-3e4cec3c4711', 'strategyCode': 'NA', 'updRecvTm': 1767328341268878880, 'it': 'OPTIDX'}, {'actId': 'ZD52T', 'algId': 'NA', 'algCat': 'NA', 'algSeqNo': 'NA', 'avgPrc': '0.00', 'brdLtQty': '65', 'brkClnt': '--', 'cnlQty': 0, 'coPct': 0, 'defMktProV': '0', 'dscQtyPct': '0', 'dscQty': 0, 'exUsrInfo': 'NA', 'exCfmTm': 'NA', 'exOrdId': '', 'expDt': '06 Jan, 2026', 'expDtSsb': '1767657600', 'exSeg': 'nse_fo', 'fldQty': 0, 'boeSec': 1767328341, 'mktProPct': '--', 'mktPro': '0', 'mfdBy': 'NA', 'minQty': 0, 'mktProFlg': '0', 'noMktProFlg': '0', 'nOrdNo': '260102000105588', 'optTp': 'PE', 'ordAutSt': 'NA', 'odCrt': 'NA', 'ordDtTm': '02-Jan-2026 10:02:21', 'ordEntTm': '02-Jan-2026 10:02:21', 'ordGenTp': 'NA', 'ordSrc': 'ADMINCPPAPI_NEOTRADEAPI', 'ordValDt': 'NA', 'prod': 'MIS', 'prc': '0.00', 'prcTp': 'MKT', 'qty': 65, 'refLmtPrc': 0, 'rejRsn': 'RMS:Margin Exceeds,Cash Available:0.00,Additional margin required:199371.64 for entity account-ZD52T across exchange across segment across product ', 'rmk': '--', 'rptTp': 'NA', 'reqId': '1', 'series': 'XX', 'sipInd': 'NA', 'stat': 'rejected', 'ordSt': 'rejected', 'stkPrc': '26350.00', 'sym': 'NIFTY', 'symOrdId': 'NA', 'tckSz': '0.05', 'tok': '40490', 'trnsTp': 'S', 'trgPrc': '0.00', 'trdSym': 'NIFTY2610626350PE', 'unFldSz': 0, 'usrId': 'AEQPJ8126C', 'uSec': '1767328341', 'vldt': 'DAY', 'classification': '0', 'vendorCode': '', 'genDen': '1', 'genNum': '1', 'prcNum': '1', 'prcDen': '1', 'lotSz': '65', 'multiplier': '1', 'precision': '2', 'hsUpTm': '2026/01/02 10:02:21', 'GuiOrdId': 'SAN_ALGO048e0fff-d342-45da-a10d-30dcae1d27cc', 'locId': '111111111111100', 'appInstlId': 'NA', 'ordModNo': 'SAN_ALGO048e0fff-d342-45da-a10d-30dcae1d27cc', 'strategyCode': 'NA', 'updRecvTm': 1767328341412636548, 'it': 'OPTIDX'}], 'stCode': 200}
2026-01-02 10:03:08,182 - INFO - 260102000091880 not open for cancel
2026-01-02 10:03:08,183 - INFO - 260102000091890 not open for cancel
2026-01-02 10:03:08,183 - INFO - 260102000105582 not open for cancel
2026-01-02 10:03:08,184 - INFO - 260102000105588 not open for cancel
2026-01-02 10:03:08,302 - INFO - Close Position {'stCode': 5203, 'errMsg': 'No Data', 'desc': 'data not found', 'stat': 'Not_Ok'}
